// Jest Snapshot v1, https://goo.gl/fbAQLP

exports[`LineChart component Matches the snapshot 1`] = `
<div
  className="line-chart"
/>
`;
